Ôû▓ Next.js 16.2.7 (Turbopack)
- Environments: .env.local, .env

node.exe : ÔÜá The "middleware" file convention is deprecated. Please use "proxy" instead. Learn more: https://nextjs.o
rg/docs/messages/middleware-to-proxy
At line:1 char:1
+ & "C:\Program Files\nodejs/node.exe" "C:\Program Files\nodejs/node_mo ...
+ ~~~~~~~~~~~~~~~~~~~~~~~~~~~~~~~~~~~~~~~~~~~~~~~~~~~~~~~~~~~~~~~~~~~~~
    + CategoryInfo          : NotSpecified: (ÔÜá The "middle...leware-to-proxy:String) [], RemoteException
    + FullyQualifiedErrorId : NativeCommandError
 
  Creating an optimized production build ...
Turbopack build encountered 1 warnings:
./next.config.mjs
Encountered unexpected file in NFT list
A file was traced that indicates that the whole project was traced unintentionally. Somewhere in the import trace below
, there are:
- filesystem operations (like path.join, path.resolve or fs.readFile), or
- very dynamic requires (like require('./' + foo)).
To resolve this, you can
- remove them if possible, or
- only use them in development, or
- make sure they are statically scoped to some subfolder: path.join(process.cwd(), 'data', bar), or
- add ignore comments: path.join(/*turbopackIgnore: true*/ process.cwd(), bar)

Import trace:
  App Route:
    ./next.config.mjs
    ./prisma/generated-client/index.js
    ./src/app/api/listings/route.ts


Ô£ô Compiled successfully in 97s
  Running TypeScript ...
  Finished TypeScript in 65s ...
  Collecting page data using 3 workers ...
[S3Client] AWS_ACCESS_KEY_ID and AWS_SECRET_ACCESS_KEY must be set in production.
CRITICAL: STRIPE_SECRET_KEY is not defined. Payments will fail.
ÔÜá Using edge runtime on a page currently disables static generation for that page
  Generating static pages using 3 workers (0/154) ...
Auth failed in RootLayout: Error: Dynamic server usage: Route /auth/verify couldn't be rendered statically because it u
sed `headers`. See more info here: https://nextjs.org/docs/messages/dynamic-server-error
    at m (D:\Yeni klas├Âr\Yeni klas├Âr (3)\umre\kurulum\umrebuldum\frontend\.next\server\chunks\ssr\_03ew7u5._.js:8:437
09)
    at <unknown> (D:\Yeni klas├Âr\Yeni klas├Âr (3)\umre\kurulum\umrebuldum\frontend\.next\server\chunks\ssr\_03ew7u5._.
js:860:57731)
    at t (D:\Yeni klas├Âr\Yeni klas├Âr (3)\umre\kurulum\umrebuldum\frontend\.next\server\chunks\ssr\[root-of-the-server
]__0pnkxwy._.js:1:17909)
    at stringify (<anonymous>) {
  description: "Route /auth/verify couldn't be rendered statically because it used `headers`. See more info here: https
://nextjs.org/docs/messages/dynamic-server-error",
  digest: 'DYNAMIC_SERVER_USAGE'
}
Auth failed in RootLayout: Error: Dynamic server usage: Route /checkout couldn't be rendered statically because it used
 `headers`. See more info here: https://nextjs.org/docs/messages/dynamic-server-error
    at m (D:\Yeni klas├Âr\Yeni klas├Âr (3)\umre\kurulum\umrebuldum\frontend\.next\server\chunks\ssr\_03ew7u5._.js:8:437
09)
    at <unknown> (D:\Yeni klas├Âr\Yeni klas├Âr (3)\umre\kurulum\umrebuldum\frontend\.next\server\chunks\ssr\_03ew7u5._.
js:860:57731)
    at t (D:\Yeni klas├Âr\Yeni klas├Âr (3)\umre\kurulum\umrebuldum\frontend\.next\server\chunks\ssr\[root-of-the-server
]__0pnkxwy._.js:1:17909)
    at stringify (<anonymous>) {
  description: "Route /checkout couldn't be rendered statically because it used `headers`. See more info here: https://
nextjs.org/docs/messages/dynamic-server-error",
  digest: 'DYNAMIC_SERVER_USAGE'
}
Auth failed in RootLayout: Error: Dynamic server usage: Route /consent couldn't be rendered statically because it used 
`headers`. See more info here: https://nextjs.org/docs/messages/dynamic-server-error
    at m (D:\Yeni klas├Âr\Yeni klas├Âr (3)\umre\kurulum\umrebuldum\frontend\.next\server\chunks\ssr\_03ew7u5._.js:8:437
09)
    at <unknown> (D:\Yeni klas├Âr\Yeni klas├Âr (3)\umre\kurulum\umrebuldum\frontend\.next\server\chunks\ssr\_03ew7u5._.
js:860:57731)
    at t (D:\Yeni klas├Âr\Yeni klas├Âr (3)\umre\kurulum\umrebuldum\frontend\.next\server\chunks\ssr\[root-of-the-server
]__0pnkxwy._.js:1:17909)
    at stringify (<anonymous>) {
  description: "Route /consent couldn't be rendered statically because it used `headers`. See more info here: https://n
extjs.org/docs/messages/dynamic-server-error",
  digest: 'DYNAMIC_SERVER_USAGE'
}
Auth failed in RootLayout: Error: Dynamic server usage: Route /_not-found couldn't be rendered statically because it us
ed `headers`. See more info here: https://nextjs.org/docs/messages/dynamic-server-error
    at m (D:\Yeni klas├Âr\Yeni klas├Âr (3)\umre\kurulum\umrebuldum\frontend\.next\server\chunks\ssr\_03ew7u5._.js:8:437
09)
    at <unknown> (D:\Yeni klas├Âr\Yeni klas├Âr (3)\umre\kurulum\umrebuldum\frontend\.next\server\chunks\ssr\_03ew7u5._.
js:860:57731)
    at t (D:\Yeni klas├Âr\Yeni klas├Âr (3)\umre\kurulum\umrebuldum\frontend\.next\server\chunks\ssr\[root-of-the-server
]__0pnkxwy._.js:1:17909)
    at stringify (<anonymous>) {
  description: "Route /_not-found couldn't be rendered statically because it used `headers`. See more info here: https:
//nextjs.org/docs/messages/dynamic-server-error",
  digest: 'DYNAMIC_SERVER_USAGE'
}
Auth failed in RootLayout: Error: Dynamic server usage: Route /contact couldn't be rendered statically because it used 
`headers`. See more info here: https://nextjs.org/docs/messages/dynamic-server-error
    at m (D:\Yeni klas├Âr\Yeni klas├Âr (3)\umre\kurulum\umrebuldum\frontend\.next\server\chunks\ssr\_03ew7u5._.js:8:437
09)
    at <unknown> (D:\Yeni klas├Âr\Yeni klas├Âr (3)\umre\kurulum\umrebuldum\frontend\.next\server\chunks\ssr\_03ew7u5._.
js:860:57731)
    at t (D:\Yeni klas├Âr\Yeni klas├Âr (3)\umre\kurulum\umrebuldum\frontend\.next\server\chunks\ssr\[root-of-the-server
]__0pnkxwy._.js:1:17909)
    at stringify (<anonymous>) {
  description: "Route /contact couldn't be rendered statically because it used `headers`. See more info here: https://n
extjs.org/docs/messages/dynamic-server-error",
  digest: 'DYNAMIC_SERVER_USAGE'
}
Auth failed in RootLayout: Error: Dynamic server usage: Route /cookies couldn't be rendered statically because it used 
`headers`. See more info here: https://nextjs.org/docs/messages/dynamic-server-error
    at m (D:\Yeni klas├Âr\Yeni klas├Âr (3)\umre\kurulum\umrebuldum\frontend\.next\server\chunks\ssr\_03ew7u5._.js:8:437
09)
    at <unknown> (D:\Yeni klas├Âr\Yeni klas├Âr (3)\umre\kurulum\umrebuldum\frontend\.next\server\chunks\ssr\_03ew7u5._.
js:860:57731)
    at t (D:\Yeni klas├Âr\Yeni klas├Âr (3)\umre\kurulum\umrebuldum\frontend\.next\server\chunks\ssr\[root-of-the-server
]__0pnkxwy._.js:1:17909)
    at stringify (<anonymous>) {
  description: "Route /cookies couldn't be rendered statically because it used `headers`. See more info here: https://n
extjs.org/docs/messages/dynamic-server-error",
  digest: 'DYNAMIC_SERVER_USAGE'
}
Auth failed in RootLayout: Error: Dynamic server usage: Route /dashboard/analytics couldn't be rendered statically beca
use it used `headers`. See more info here: https://nextjs.org/docs/messages/dynamic-server-error
    at m (D:\Yeni klas├Âr\Yeni klas├Âr (3)\umre\kurulum\umrebuldum\frontend\.next\server\chunks\ssr\_03ew7u5._.js:8:437
09)
    at <unknown> (D:\Yeni klas├Âr\Yeni klas├Âr (3)\umre\kurulum\umrebuldum\frontend\.next\server\chunks\ssr\_03ew7u5._.
js:860:57731)
    at t (D:\Yeni klas├Âr\Yeni klas├Âr (3)\umre\kurulum\umrebuldum\frontend\.next\server\chunks\ssr\[root-of-the-server
]__0pnkxwy._.js:1:17909)
    at stringify (<anonymous>) {
  description: "Route /dashboard/analytics couldn't be rendered statically because it used `headers`. See more info her
e: https://nextjs.org/docs/messages/dynamic-server-error",
  digest: 'DYNAMIC_SERVER_USAGE'
}
Auth failed in RootLayout: Error: Dynamic server usage: Route /dashboard/billing couldn't be rendered statically becaus
e it used `headers`. See more info here: https://nextjs.org/docs/messages/dynamic-server-error
    at m (D:\Yeni klas├Âr\Yeni klas├Âr (3)\umre\kurulum\umrebuldum\frontend\.next\server\chunks\ssr\_03ew7u5._.js:8:437
09)
    at <unknown> (D:\Yeni klas├Âr\Yeni klas├Âr (3)\umre\kurulum\umrebuldum\frontend\.next\server\chunks\ssr\_03ew7u5._.
js:860:57731)
    at t (D:\Yeni klas├Âr\Yeni klas├Âr (3)\umre\kurulum\umrebuldum\frontend\.next\server\chunks\ssr\[root-of-the-server
]__0pnkxwy._.js:1:17909)
    at stringify (<anonymous>) {
  description: "Route /dashboard/billing couldn't be rendered statically because it used `headers`. See more info here:
 https://nextjs.org/docs/messages/dynamic-server-error",
  digest: 'DYNAMIC_SERVER_USAGE'
}
Auth failed in RootLayout: Error: Dynamic server usage: Route /dashboard/campaigns couldn't be rendered statically beca
use it used `headers`. See more info here: https://nextjs.org/docs/messages/dynamic-server-error
    at m (D:\Yeni klas├Âr\Yeni klas├Âr (3)\umre\kurulum\umrebuldum\frontend\.next\server\chunks\ssr\_03ew7u5._.js:8:437
09)
    at <unknown> (D:\Yeni klas├Âr\Yeni klas├Âr (3)\umre\kurulum\umrebuldum\frontend\.next\server\chunks\ssr\_03ew7u5._.
js:860:57731)
    at t (D:\Yeni klas├Âr\Yeni klas├Âr (3)\umre\kurulum\umrebuldum\frontend\.next\server\chunks\ssr\[root-of-the-server
]__0pnkxwy._.js:1:17909)
    at stringify (<anonymous>) {
  description: "Route /dashboard/campaigns couldn't be rendered statically because it used `headers`. See more info her
e: https://nextjs.org/docs/messages/dynamic-server-error",
  digest: 'DYNAMIC_SERVER_USAGE'
}
Auth failed in RootLayout: Error: Dynamic server usage: Route /about couldn't be rendered statically because it used `h
eaders`. See more info here: https://nextjs.org/docs/messages/dynamic-server-error
    at m (D:\Yeni klas├Âr\Yeni klas├Âr (3)\umre\kurulum\umrebuldum\frontend\.next\server\chunks\ssr\_03ew7u5._.js:8:437
09)
    at <unknown> (D:\Yeni klas├Âr\Yeni klas├Âr (3)\umre\kurulum\umrebuldum\frontend\.next\server\chunks\ssr\_03ew7u5._.
js:860:57731)
    at t (D:\Yeni klas├Âr\Yeni klas├Âr (3)\umre\kurulum\umrebuldum\frontend\.next\server\chunks\ssr\[root-of-the-server
]__0pnkxwy._.js:1:17909)
    at stringify (<anonymous>) {
  description: "Route /about couldn't be rendered statically because it used `headers`. See more info here: https://nex
tjs.org/docs/messages/dynamic-server-error",
  digest: 'DYNAMIC_SERVER_USAGE'
}
  Generating static pages using 3 workers (38/154) 
Auth failed in RootLayout: Error: Dynamic server usage: Route /admin/agencies couldn't be rendered statically because i
t used `headers`. See more info here: https://nextjs.org/docs/messages/dynamic-server-error
    at m (D:\Yeni klas├Âr\Yeni klas├Âr (3)\umre\kurulum\umrebuldum\frontend\.next\server\chunks\ssr\_03ew7u5._.js:8:437
09)
    at <unknown> (D:\Yeni klas├Âr\Yeni klas├Âr (3)\umre\kurulum\umrebuldum\frontend\.next\server\chunks\ssr\_03ew7u5._.
js:860:57731)
    at t (D:\Yeni klas├Âr\Yeni klas├Âr (3)\umre\kurulum\umrebuldum\frontend\.next\server\chunks\ssr\[root-of-the-server
]__0pnkxwy._.js:1:17909)
    at stringify (<anonymous>) {
  description: "Route /admin/agencies couldn't be rendered statically because it used `headers`. See more info here: ht
tps://nextjs.org/docs/messages/dynamic-server-error",
  digest: 'DYNAMIC_SERVER_USAGE'
}
Auth failed in RootLayout: Error: Dynamic server usage: Route /admin/approval/listings couldn't be rendered statically 
because it used `headers`. See more info here: https://nextjs.org/docs/messages/dynamic-server-error
    at m (D:\Yeni klas├Âr\Yeni klas├Âr (3)\umre\kurulum\umrebuldum\frontend\.next\server\chunks\ssr\_03ew7u5._.js:8:437
09)
    at <unknown> (D:\Yeni klas├Âr\Yeni klas├Âr (3)\umre\kurulum\umrebuldum\frontend\.next\server\chunks\ssr\_03ew7u5._.
js:860:57731)
    at t (D:\Yeni klas├Âr\Yeni klas├Âr (3)\umre\kurulum\umrebuldum\frontend\.next\server\chunks\ssr\[root-of-the-server
]__0pnkxwy._.js:1:17909)
    at stringify (<anonymous>) {
  description: "Route /admin/approval/listings couldn't be rendered statically because it used `headers`. See more info
 here: https://nextjs.org/docs/messages/dynamic-server-error",
  digest: 'DYNAMIC_SERVER_USAGE'
}
Auth failed in RootLayout: Error: Dynamic server usage: Route /admin/approval/reviews couldn't be rendered statically b
ecause it used `headers`. See more info here: https://nextjs.org/docs/messages/dynamic-server-error
    at m (D:\Yeni klas├Âr\Yeni klas├Âr (3)\umre\kurulum\umrebuldum\frontend\.next\server\chunks\ssr\_03ew7u5._.js:8:437
09)
    at <unknown> (D:\Yeni klas├Âr\Yeni klas├Âr (3)\umre\kurulum\umrebuldum\frontend\.next\server\chunks\ssr\_03ew7u5._.
js:860:57731)
    at t (D:\Yeni klas├Âr\Yeni klas├Âr (3)\umre\kurulum\umrebuldum\frontend\.next\server\chunks\ssr\[root-of-the-server
]__0pnkxwy._.js:1:17909)
    at stringify (<anonymous>) {
  description: "Route /admin/approval/reviews couldn't be rendered statically because it used `headers`. See more info 
here: https://nextjs.org/docs/messages/dynamic-server-error",
  digest: 'DYNAMIC_SERVER_USAGE'
}
Auth failed in RootLayout: Error: Dynamic server usage: Route /admin/ban couldn't be rendered statically because it use
d `headers`. See more info here: https://nextjs.org/docs/messages/dynamic-server-error
    at m (D:\Yeni klas├Âr\Yeni klas├Âr (3)\umre\kurulum\umrebuldum\frontend\.next\server\chunks\ssr\_03ew7u5._.js:8:437
09)
    at <unknown> (D:\Yeni klas├Âr\Yeni klas├Âr (3)\umre\kurulum\umrebuldum\frontend\.next\server\chunks\ssr\_03ew7u5._.
js:860:57731)
    at t (D:\Yeni klas├Âr\Yeni klas├Âr (3)\umre\kurulum\umrebuldum\frontend\.next\server\chunks\ssr\[root-of-the-server
]__0pnkxwy._.js:1:17909)
    at stringify (<anonymous>) {
  description: "Route /admin/ban couldn't be rendered statically because it used `headers`. See more info here: https:/
/nextjs.org/docs/messages/dynamic-server-error",
  digest: 'DYNAMIC_SERVER_USAGE'
}
Auth failed in RootLayout: Error: Dynamic server usage: Route /admin/banner-engine couldn't be rendered statically beca
use it used `headers`. See more info here: https://nextjs.org/docs/messages/dynamic-server-error
    at m (D:\Yeni klas├Âr\Yeni klas├Âr (3)\umre\kurulum\umrebuldum\frontend\.next\server\chunks\ssr\_03ew7u5._.js:8:437
09)
    at <unknown> (D:\Yeni klas├Âr\Yeni klas├Âr (3)\umre\kurulum\umrebuldum\frontend\.next\server\chunks\ssr\_03ew7u5._.
js:860:57731)
    at t (D:\Yeni klas├Âr\Yeni klas├Âr (3)\umre\kurulum\umrebuldum\frontend\.next\server\chunks\ssr\[root-of-the-server
]__0pnkxwy._.js:1:17909)
    at stringify (<anonymous>) {
  description: "Route /admin/banner-engine couldn't be rendered statically because it used `headers`. See more info her
e: https://nextjs.org/docs/messages/dynamic-server-error",
  digest: 'DYNAMIC_SERVER_USAGE'
}
Auth failed in RootLayout: Error: Dynamic server usage: Route /dashboard/credits couldn't be rendered statically becaus
e it used `headers`. See more info here: https://nextjs.org/docs/messages/dynamic-server-error
    at m (D:\Yeni klas├Âr\Yeni klas├Âr (3)\umre\kurulum\umrebuldum\frontend\.next\server\chunks\ssr\_03ew7u5._.js:8:437
09)
    at <unknown> (D:\Yeni klas├Âr\Yeni klas├Âr (3)\umre\kurulum\umrebuldum\frontend\.next\server\chunks\ssr\_03ew7u5._.
js:860:57731)
    at t (D:\Yeni klas├Âr\Yeni klas├Âr (3)\umre\kurulum\umrebuldum\frontend\.next\server\chunks\ssr\[root-of-the-server
]__0pnkxwy._.js:1:17909)
    at stringify (<anonymous>) {
  description: "Route /dashboard/credits couldn't be rendered statically because it used `headers`. See more info here:
 https://nextjs.org/docs/messages/dynamic-server-error",
  digest: 'DYNAMIC_SERVER_USAGE'
}
Auth failed in RootLayout: Error: Dynamic server usage: Route /dashboard/listings/new couldn't be rendered statically b
ecause it used `headers`. See more info here: https://nextjs.org/docs/messages/dynamic-server-error
    at m (D:\Yeni klas├Âr\Yeni klas├Âr (3)\umre\kurulum\umrebuldum\frontend\.next\server\chunks\ssr\_03ew7u5._.js:8:437
09)
    at <unknown> (D:\Yeni klas├Âr\Yeni klas├Âr (3)\umre\kurulum\umrebuldum\frontend\.next\server\chunks\ssr\_03ew7u5._.
js:860:57731)
    at t (D:\Yeni klas├Âr\Yeni klas├Âr (3)\umre\kurulum\umrebuldum\frontend\.next\server\chunks\ssr\[root-of-the-server
]__0pnkxwy._.js:1:17909)
    at stringify (<anonymous>) {
  description: "Route /dashboard/listings/new couldn't be rendered statically because it used `headers`. See more info 
here: https://nextjs.org/docs/messages/dynamic-server-error",
  digest: 'DYNAMIC_SERVER_USAGE'
}
Auth failed in RootLayout: Error: Dynamic server usage: Route /dashboard/chats couldn't be rendered statically because 
it used `headers`. See more info here: https://nextjs.org/docs/messages/dynamic-server-error
    at m (D:\Yeni klas├Âr\Yeni klas├Âr (3)\umre\kurulum\umrebuldum\frontend\.next\server\chunks\ssr\_03ew7u5._.js:8:437
09)
    at <unknown> (D:\Yeni klas├Âr\Yeni klas├Âr (3)\umre\kurulum\umrebuldum\frontend\.next\server\chunks\ssr\_03ew7u5._.
js:860:57731)
    at t (D:\Yeni klas├Âr\Yeni klas├Âr (3)\umre\kurulum\umrebuldum\frontend\.next\server\chunks\ssr\[root-of-the-server
]__0pnkxwy._.js:1:17909)
    at stringify (<anonymous>) {
  description: "Route /dashboard/chats couldn't be rendered statically because it used `headers`. See more info here: h
ttps://nextjs.org/docs/messages/dynamic-server-error",
  digest: 'DYNAMIC_SERVER_USAGE'
}
Auth failed in RootLayout: Error: Dynamic server usage: Route /dashboard/checkout couldn't be rendered statically becau
se it used `headers`. See more info here: https://nextjs.org/docs/messages/dynamic-server-error
    at m (D:\Yeni klas├Âr\Yeni klas├Âr (3)\umre\kurulum\umrebuldum\frontend\.next\server\chunks\ssr\_03ew7u5._.js:8:437
09)
    at <unknown> (D:\Yeni klas├Âr\Yeni klas├Âr (3)\umre\kurulum\umrebuldum\frontend\.next\server\chunks\ssr\_03ew7u5._.
js:860:57731)
    at t (D:\Yeni klas├Âr\Yeni klas├Âr (3)\umre\kurulum\umrebuldum\frontend\.next\server\chunks\ssr\[root-of-the-server
]__0pnkxwy._.js:1:17909)
    at stringify (<anonymous>) {
  description: "Route /dashboard/checkout couldn't be rendered statically because it used `headers`. See more info here
: https://nextjs.org/docs/messages/dynamic-server-error",
  digest: 'DYNAMIC_SERVER_USAGE'
}
Auth failed in RootLayout: Error: Dynamic server usage: Route /dashboard/listings couldn't be rendered statically becau
se it used `headers`. See more info here: https://nextjs.org/docs/messages/dynamic-server-error
    at m (D:\Yeni klas├Âr\Yeni klas├Âr (3)\umre\kurulum\umrebuldum\frontend\.next\server\chunks\ssr\_03ew7u5._.js:8:437
09)
    at <unknown> (D:\Yeni klas├Âr\Yeni klas├Âr (3)\umre\kurulum\umrebuldum\frontend\.next\server\chunks\ssr\_03ew7u5._.
js:860:57731)
    at t (D:\Yeni klas├Âr\Yeni klas├Âr (3)\umre\kurulum\umrebuldum\frontend\.next\server\chunks\ssr\[root-of-the-server
]__0pnkxwy._.js:1:17909)
    at stringify (<anonymous>) {
  description: "Route /dashboard/listings couldn't be rendered statically because it used `headers`. See more info here
: https://nextjs.org/docs/messages/dynamic-server-error",
  digest: 'DYNAMIC_SERVER_USAGE'
}
  Generating static pages using 3 workers (76/154) 
Auth failed in RootLayout: Error: Dynamic server usage: Route /admin/chatbot couldn't be rendered statically because it
 used `headers`. See more info here: https://nextjs.org/docs/messages/dynamic-server-error
    at m (D:\Yeni klas├Âr\Yeni klas├Âr (3)\umre\kurulum\umrebuldum\frontend\.next\server\chunks\ssr\_03ew7u5._.js:8:437
09)
    at <unknown> (D:\Yeni klas├Âr\Yeni klas├Âr (3)\umre\kurulum\umrebuldum\frontend\.next\server\chunks\ssr\_03ew7u5._.
js:860:57731)
    at t (D:\Yeni klas├Âr\Yeni klas├Âr (3)\umre\kurulum\umrebuldum\frontend\.next\server\chunks\ssr\[root-of-the-server
]__0pnkxwy._.js:1:17909)
    at stringify (<anonymous>) {
  description: "Route /admin/chatbot couldn't be rendered statically because it used `headers`. See more info here: htt
ps://nextjs.org/docs/messages/dynamic-server-error",
  digest: 'DYNAMIC_SERVER_USAGE'
}
Auth failed in RootLayout: Error: Dynamic server usage: Route /dashboard couldn't be rendered statically because it use
d `headers`. See more info here: https://nextjs.org/docs/messages/dynamic-server-error
    at m (D:\Yeni klas├Âr\Yeni klas├Âr (3)\umre\kurulum\umrebuldum\frontend\.next\server\chunks\ssr\_03ew7u5._.js:8:437
09)
    at <unknown> (D:\Yeni klas├Âr\Yeni klas├Âr (3)\umre\kurulum\umrebuldum\frontend\.next\server\chunks\ssr\_03ew7u5._.
js:860:57731)
    at t (D:\Yeni klas├Âr\Yeni klas├Âr (3)\umre\kurulum\umrebuldum\frontend\.next\server\chunks\ssr\[root-of-the-server
]__0pnkxwy._.js:1:17909)
    at stringify (<anonymous>) {
  description: "Route /dashboard couldn't be rendered statically because it used `headers`. See more info here: https:/
/nextjs.org/docs/messages/dynamic-server-error",
  digest: 'DYNAMIC_SERVER_USAGE'
}
Auth failed in RootLayout: Error: Dynamic server usage: Route /admin/dashboard couldn't be rendered statically because 
it used `headers`. See more info here: https://nextjs.org/docs/messages/dynamic-server-error
    at m (D:\Yeni klas├Âr\Yeni klas├Âr (3)\umre\kurulum\umrebuldum\frontend\.next\server\chunks\ssr\_03ew7u5._.js:8:437
09)
    at <unknown> (D:\Yeni klas├Âr\Yeni klas├Âr (3)\umre\kurulum\umrebuldum\frontend\.next\server\chunks\ssr\_03ew7u5._.
js:860:57731)
    at t (D:\Yeni klas├Âr\Yeni klas├Âr (3)\umre\kurulum\umrebuldum\frontend\.next\server\chunks\ssr\[root-of-the-server
]__0pnkxwy._.js:1:17909)
    at stringify (<anonymous>) {
  description: "Route /admin/dashboard couldn't be rendered statically because it used `headers`. See more info here: h
ttps://nextjs.org/docs/messages/dynamic-server-error",
  digest: 'DYNAMIC_SERVER_USAGE'
}
Auth failed in RootLayout: Error: Dynamic server usage: Route /dashboard/market couldn't be rendered statically because
 it used `headers`. See more info here: https://nextjs.org/docs/messages/dynamic-server-error
    at m (D:\Yeni klas├Âr\Yeni klas├Âr (3)\umre\kurulum\umrebuldum\frontend\.next\server\chunks\ssr\_03ew7u5._.js:8:437
09)
    at <unknown> (D:\Yeni klas├Âr\Yeni klas├Âr (3)\umre\kurulum\umrebuldum\frontend\.next\server\chunks\ssr\_03ew7u5._.
js:860:57731)
    at t (D:\Yeni klas├Âr\Yeni klas├Âr (3)\umre\kurulum\umrebuldum\frontend\.next\server\chunks\ssr\[root-of-the-server
]__0pnkxwy._.js:1:17909)
    at stringify (<anonymous>) {
  description: "Route /dashboard/market couldn't be rendered statically because it used `headers`. See more info here: 
https://nextjs.org/docs/messages/dynamic-server-error",
  digest: 'DYNAMIC_SERVER_USAGE'
}
Auth failed in RootLayout: Error: Dynamic server usage: Route /admin/guides couldn't be rendered statically because it 
used `headers`. See more info here: https://nextjs.org/docs/messages/dynamic-server-error
    at m (D:\Yeni klas├Âr\Yeni klas├Âr (3)\umre\kurulum\umrebuldum\frontend\.next\server\chunks\ssr\_03ew7u5._.js:8:437
09)
    at <unknown> (D:\Yeni klas├Âr\Yeni klas├Âr (3)\umre\kurulum\umrebuldum\frontend\.next\server\chunks\ssr\_03ew7u5._.
js:860:57731)
    at t (D:\Yeni klas├Âr\Yeni klas├Âr (3)\umre\kurulum\umrebuldum\frontend\.next\server\chunks\ssr\[root-of-the-server
]__0pnkxwy._.js:1:17909)
    at stringify (<anonymous>) {
  description: "Route /admin/guides couldn't be rendered statically because it used `headers`. See more info here: http
s://nextjs.org/docs/messages/dynamic-server-error",
  digest: 'DYNAMIC_SERVER_USAGE'
}
Auth failed in RootLayout: Error: Dynamic server usage: Route /dashboard/messages couldn't be rendered statically becau
se it used `headers`. See more info here: https://nextjs.org/docs/messages/dynamic-server-error
    at m (D:\Yeni klas├Âr\Yeni klas├Âr (3)\umre\kurulum\umrebuldum\frontend\.next\server\chunks\ssr\_03ew7u5._.js:8:437
09)
    at <unknown> (D:\Yeni klas├Âr\Yeni klas├Âr (3)\umre\kurulum\umrebuldum\frontend\.next\server\chunks\ssr\_03ew7u5._.
js:860:57731)
    at t (D:\Yeni klas├Âr\Yeni klas├Âr (3)\umre\kurulum\umrebuldum\frontend\.next\server\chunks\ssr\[root-of-the-server
]__0pnkxwy._.js:1:17909)
    at stringify (<anonymous>) {
  description: "Route /dashboard/messages couldn't be rendered statically because it used `headers`. See more info here
: https://nextjs.org/docs/messages/dynamic-server-error",
  digest: 'DYNAMIC_SERVER_USAGE'
}
Auth failed in RootLayout: Error: Dynamic server usage: Route /admin/ledger couldn't be rendered statically because it 
used `headers`. See more info here: https://nextjs.org/docs/messages/dynamic-server-error
    at m (D:\Yeni klas├Âr\Yeni klas├Âr (3)\umre\kurulum\umrebuldum\frontend\.next\server\chunks\ssr\_03ew7u5._.js:8:437
09)
    at <unknown> (D:\Yeni klas├Âr\Yeni klas├Âr (3)\umre\kurulum\umrebuldum\frontend\.next\server\chunks\ssr\_03ew7u5._.
js:860:57731)
    at t (D:\Yeni klas├Âr\Yeni klas├Âr (3)\umre\kurulum\umrebuldum\frontend\.next\server\chunks\ssr\[root-of-the-server
]__0pnkxwy._.js:1:17909)
    at stringify (<anonymous>) {
  description: "Route /admin/ledger couldn't be rendered statically because it used `headers`. See more info here: http
s://nextjs.org/docs/messages/dynamic-server-error",
  digest: 'DYNAMIC_SERVER_USAGE'
}
Auth failed in RootLayout: Error: Dynamic server usage: Route /admin/listings couldn't be rendered statically because i
t used `headers`. See more info here: https://nextjs.org/docs/messages/dynamic-server-error
    at m (D:\Yeni klas├Âr\Yeni klas├Âr (3)\umre\kurulum\umrebuldum\frontend\.next\server\chunks\ssr\_03ew7u5._.js:8:437
09)
    at <unknown> (D:\Yeni klas├Âr\Yeni klas├Âr (3)\umre\kurulum\umrebuldum\frontend\.next\server\chunks\ssr\_03ew7u5._.
js:860:57731)
    at t (D:\Yeni klas├Âr\Yeni klas├Âr (3)\umre\kurulum\umrebuldum\frontend\.next\server\chunks\ssr\[root-of-the-server
]__0pnkxwy._.js:1:17909)
    at stringify (<anonymous>) {
  description: "Route /admin/listings couldn't be rendered statically because it used `headers`. See more info here: ht
tps://nextjs.org/docs/messages/dynamic-server-error",
  digest: 'DYNAMIC_SERVER_USAGE'
}
Auth failed in RootLayout: Error: Dynamic server usage: Route /admin/newsletter couldn't be rendered statically because
 it used `headers`. See more info here: https://nextjs.org/docs/messages/dynamic-server-error
    at m (D:\Yeni klas├Âr\Yeni klas├Âr (3)\umre\kurulum\umrebuldum\frontend\.next\server\chunks\ssr\_03ew7u5._.js:8:437
09)
    at <unknown> (D:\Yeni klas├Âr\Yeni klas├Âr (3)\umre\kurulum\umrebuldum\frontend\.next\server\chunks\ssr\_03ew7u5._.
js:860:57731)
    at t (D:\Yeni klas├Âr\Yeni klas├Âr (3)\umre\kurulum\umrebuldum\frontend\.next\server\chunks\ssr\[root-of-the-server
]__0pnkxwy._.js:1:17909)
    at stringify (<anonymous>) {
  description: "Route /admin/newsletter couldn't be rendered statically because it used `headers`. See more info here: 
https://nextjs.org/docs/messages/dynamic-server-error",
  digest: 'DYNAMIC_SERVER_USAGE'
}
Auth failed in RootLayout: Error: Dynamic server usage: Route /dashboard/posters couldn't be rendered statically becaus
e it used `headers`. See more info here: https://nextjs.org/docs/messages/dynamic-server-error
    at m (D:\Yeni klas├Âr\Yeni klas├Âr (3)\umre\kurulum\umrebuldum\frontend\.next\server\chunks\ssr\_03ew7u5._.js:8:437
09)
    at <unknown> (D:\Yeni klas├Âr\Yeni klas├Âr (3)\umre\kurulum\umrebuldum\frontend\.next\server\chunks\ssr\_03ew7u5._.
js:860:57731)
    at t (D:\Yeni klas├Âr\Yeni klas├Âr (3)\umre\kurulum\umrebuldum\frontend\.next\server\chunks\ssr\[root-of-the-server
]__0pnkxwy._.js:1:17909)
    at stringify (<anonymous>) {
  description: "Route /dashboard/posters couldn't be rendered statically because it used `headers`. See more info here:
 https://nextjs.org/docs/messages/dynamic-server-error",
  digest: 'DYNAMIC_SERVER_USAGE'
}
Auth failed in RootLayout: Error: Dynamic server usage: Route /dashboard/profile couldn't be rendered statically becaus
e it used `headers`. See more info here: https://nextjs.org/docs/messages/dynamic-server-error
    at m (D:\Yeni klas├Âr\Yeni klas├Âr (3)\umre\kurulum\umrebuldum\frontend\.next\server\chunks\ssr\_03ew7u5._.js:8:437
09)
    at <unknown> (D:\Yeni klas├Âr\Yeni klas├Âr (3)\umre\kurulum\umrebuldum\frontend\.next\server\chunks\ssr\_03ew7u5._.
js:860:57731)
    at t (D:\Yeni klas├Âr\Yeni klas├Âr (3)\umre\kurulum\umrebuldum\frontend\.next\server\chunks\ssr\[root-of-the-server
]__0pnkxwy._.js:1:17909)
    at stringify (<anonymous>) {
  description: "Route /dashboard/profile couldn't be rendered statically because it used `headers`. See more info here:
 https://nextjs.org/docs/messages/dynamic-server-error",
  digest: 'DYNAMIC_SERVER_USAGE'
}
Auth failed in RootLayout: Error: Dynamic server usage: Route /admin/packages couldn't be rendered statically because i
t used `headers`. See more info here: https://nextjs.org/docs/messages/dynamic-server-error
    at m (D:\Yeni klas├Âr\Yeni klas├Âr (3)\umre\kurulum\umrebuldum\frontend\.next\server\chunks\ssr\_03ew7u5._.js:8:437
09)
    at <unknown> (D:\Yeni klas├Âr\Yeni klas├Âr (3)\umre\kurulum\umrebuldum\frontend\.next\server\chunks\ssr\_03ew7u5._.
js:860:57731)
    at t (D:\Yeni klas├Âr\Yeni klas├Âr (3)\umre\kurulum\umrebuldum\frontend\.next\server\chunks\ssr\[root-of-the-server
]__0pnkxwy._.js:1:17909)
    at stringify (<anonymous>) {
  description: "Route /admin/packages couldn't be rendered statically because it used `headers`. See more info here: ht
tps://nextjs.org/docs/messages/dynamic-server-error",
  digest: 'DYNAMIC_SERVER_USAGE'
}
Auth failed in RootLayout: Error: Dynamic server usage: Route /dashboard/requests/new couldn't be rendered statically b
ecause it used `headers`. See more info here: https://nextjs.org/docs/messages/dynamic-server-error
    at m (D:\Yeni klas├Âr\Yeni klas├Âr (3)\umre\kurulum\umrebuldum\frontend\.next\server\chunks\ssr\_03ew7u5._.js:8:437
09)
    at <unknown> (D:\Yeni klas├Âr\Yeni klas├Âr (3)\umre\kurulum\umrebuldum\frontend\.next\server\chunks\ssr\_03ew7u5._.
js:860:57731)
    at t (D:\Yeni klas├Âr\Yeni klas├Âr (3)\umre\kurulum\umrebuldum\frontend\.next\server\chunks\ssr\[root-of-the-server
]__0pnkxwy._.js:1:17909)
    at stringify (<anonymous>) {
  description: "Route /dashboard/requests/new couldn't be rendered statically because it used `headers`. See more info 
here: https://nextjs.org/docs/messages/dynamic-server-error",
  digest: 'DYNAMIC_SERVER_USAGE'
}
Auth failed in RootLayout: Error: Dynamic server usage: Route /admin couldn't be rendered statically because it used `h
eaders`. See more info here: https://nextjs.org/docs/messages/dynamic-server-error
    at m (D:\Yeni klas├Âr\Yeni klas├Âr (3)\umre\kurulum\umrebuldum\frontend\.next\server\chunks\ssr\_03ew7u5._.js:8:437
09)
    at <unknown> (D:\Yeni klas├Âr\Yeni klas├Âr (3)\umre\kurulum\umrebuldum\frontend\.next\server\chunks\ssr\_03ew7u5._.
js:860:57731)
    at t (D:\Yeni klas├Âr\Yeni klas├Âr (3)\umre\kurulum\umrebuldum\frontend\.next\server\chunks\ssr\[root-of-the-server
]__0pnkxwy._.js:1:17909)
    at stringify (<anonymous>) {
  description: "Route /admin couldn't be rendered statically because it used `headers`. See more info here: https://nex
tjs.org/docs/messages/dynamic-server-error",
  digest: 'DYNAMIC_SERVER_USAGE'
}
Auth failed in RootLayout: Error: Dynamic server usage: Route /dashboard/requests couldn't be rendered statically becau
se it used `headers`. See more info here: https://nextjs.org/docs/messages/dynamic-server-error
    at m (D:\Yeni klas├Âr\Yeni klas├Âr (3)\umre\kurulum\umrebuldum\frontend\.next\server\chunks\ssr\_03ew7u5._.js:8:437
09)
    at <unknown> (D:\Yeni klas├Âr\Yeni klas├Âr (3)\umre\kurulum\umrebuldum\frontend\.next\server\chunks\ssr\_03ew7u5._.
js:860:57731)
    at t (D:\Yeni klas├Âr\Yeni klas├Âr (3)\umre\kurulum\umrebuldum\frontend\.next\server\chunks\ssr\[root-of-the-server
]__0pnkxwy._.js:1:17909)
    at stringify (<anonymous>) {
  description: "Route /dashboard/requests couldn't be rendered statically because it used `headers`. See more info here
: https://nextjs.org/docs/messages/dynamic-server-error",
  digest: 'DYNAMIC_SERVER_USAGE'
}
Auth failed in RootLayout: Error: Dynamic server usage: Route /dashboard/settings couldn't be rendered statically becau
se it used `headers`. See more info here: https://nextjs.org/docs/messages/dynamic-server-error
    at m (D:\Yeni klas├Âr\Yeni klas├Âr (3)\umre\kurulum\umrebuldum\frontend\.next\server\chunks\ssr\_03ew7u5._.js:8:437
09)
    at <unknown> (D:\Yeni klas├Âr\Yeni klas├Âr (3)\umre\kurulum\umrebuldum\frontend\.next\server\chunks\ssr\_03ew7u5._.
js:860:57731)
    at t (D:\Yeni klas├Âr\Yeni klas├Âr (3)\umre\kurulum\umrebuldum\frontend\.next\server\chunks\ssr\[root-of-the-server
]__0pnkxwy._.js:1:17909)
    at stringify (<anonymous>) {
  description: "Route /dashboard/settings couldn't be rendered statically because it used `headers`. See more info here
: https://nextjs.org/docs/messages/dynamic-server-error",
  digest: 'DYNAMIC_SERVER_USAGE'
}
Auth failed in RootLayout: Error: Dynamic server usage: Route /faq couldn't be rendered statically because it used `hea
ders`. See more info here: https://nextjs.org/docs/messages/dynamic-server-error
    at m (D:\Yeni klas├Âr\Yeni klas├Âr (3)\umre\kurulum\umrebuldum\frontend\.next\server\chunks\ssr\_03ew7u5._.js:8:437
09)
    at <unknown> (D:\Yeni klas├Âr\Yeni klas├Âr (3)\umre\kurulum\umrebuldum\frontend\.next\server\chunks\ssr\_03ew7u5._.
js:860:57731)
    at t (D:\Yeni klas├Âr\Yeni klas├Âr (3)\umre\kurulum\umrebuldum\frontend\.next\server\chunks\ssr\[root-of-the-server
]__0pnkxwy._.js:1:17909)
    at stringify (<anonymous>) {
  description: "Route /faq couldn't be rendered statically because it used `headers`. See more info here: https://nextj
s.org/docs/messages/dynamic-server-error",
  digest: 'DYNAMIC_SERVER_USAGE'
}
Auth failed in RootLayout: Error: Dynamic server usage: Route /forgot-password couldn't be rendered statically because 
it used `headers`. See more info here: https://nextjs.org/docs/messages/dynamic-server-error
    at m (D:\Yeni klas├Âr\Yeni klas├Âr (3)\umre\kurulum\umrebuldum\frontend\.next\server\chunks\ssr\_03ew7u5._.js:8:437
09)
    at <unknown> (D:\Yeni klas├Âr\Yeni klas├Âr (3)\umre\kurulum\umrebuldum\frontend\.next\server\chunks\ssr\_03ew7u5._.
js:860:57731)
    at t (D:\Yeni klas├Âr\Yeni klas├Âr (3)\umre\kurulum\umrebuldum\frontend\.next\server\chunks\ssr\[root-of-the-server
]__0pnkxwy._.js:1:17909)
    at stringify (<anonymous>) {
  description: "Route /forgot-password couldn't be rendered statically because it used `headers`. See more info here: h
ttps://nextjs.org/docs/messages/dynamic-server-error",
  digest: 'DYNAMIC_SERVER_USAGE'
}
Auth failed in RootLayout: Error: Dynamic server usage: Route /admin/profile couldn't be rendered statically because it
 used `headers`. See more info here: https://nextjs.org/docs/messages/dynamic-server-error
    at m (D:\Yeni klas├Âr\Yeni klas├Âr (3)\umre\kurulum\umrebuldum\frontend\.next\server\chunks\ssr\_03ew7u5._.js:8:437
09)
    at <unknown> (D:\Yeni klas├Âr\Yeni klas├Âr (3)\umre\kurulum\umrebuldum\frontend\.next\server\chunks\ssr\_03ew7u5._.
js:860:57731)
    at t (D:\Yeni klas├Âr\Yeni klas├Âr (3)\umre\kurulum\umrebuldum\frontend\.next\server\chunks\ssr\[root-of-the-server
]__0pnkxwy._.js:1:17909)
    at stringify (<anonymous>) {
  description: "Route /admin/profile couldn't be rendered statically because it used `headers`. See more info here: htt
ps://nextjs.org/docs/messages/dynamic-server-error",
  digest: 'DYNAMIC_SERVER_USAGE'
}
Auth failed in RootLayout: Error: Dynamic server usage: Route /guide/onboarding couldn't be rendered statically because
 it used `headers`. See more info here: https://nextjs.org/docs/messages/dynamic-server-error
    at m (D:\Yeni klas├Âr\Yeni klas├Âr (3)\umre\kurulum\umrebuldum\frontend\.next\server\chunks\ssr\_03ew7u5._.js:8:437
09)
    at <unknown> (D:\Yeni klas├Âr\Yeni klas├Âr (3)\umre\kurulum\umrebuldum\frontend\.next\server\chunks\ssr\_03ew7u5._.
js:860:57731)
    at t (D:\Yeni klas├Âr\Yeni klas├Âr (3)\umre\kurulum\umrebuldum\frontend\.next\server\chunks\ssr\[root-of-the-server
]__0pnkxwy._.js:1:17909)
    at stringify (<anonymous>) {
  description: "Route /guide/onboarding couldn't be rendered statically because it used `headers`. See more info here: 
https://nextjs.org/docs/messages/dynamic-server-error",
  digest: 'DYNAMIC_SERVER_USAGE'
}
Auth failed in RootLayout: Error: Dynamic server usage: Route /admin/security couldn't be rendered statically because i
t used `headers`. See more info here: https://nextjs.org/docs/messages/dynamic-server-error
    at m (D:\Yeni klas├Âr\Yeni klas├Âr (3)\umre\kurulum\umrebuldum\frontend\.next\server\chunks\ssr\_03ew7u5._.js:8:437
09)
    at <unknown> (D:\Yeni klas├Âr\Yeni klas├Âr (3)\umre\kurulum\umrebuldum\frontend\.next\server\chunks\ssr\_03ew7u5._.
js:860:57731)
    at t (D:\Yeni klas├Âr\Yeni klas├Âr (3)\umre\kurulum\umrebuldum\frontend\.next\server\chunks\ssr\[root-of-the-server
]__0pnkxwy._.js:1:17909)
    at stringify (<anonymous>) {
  description: "Route /admin/security couldn't be rendered statically because it used `headers`. See more info here: ht
tps://nextjs.org/docs/messages/dynamic-server-error",
  digest: 'DYNAMIC_SERVER_USAGE'
}
Auth failed in RootLayout: Error: Dynamic server usage: Route /admin/settings couldn't be rendered statically because i
t used `headers`. See more info here: https://nextjs.org/docs/messages/dynamic-server-error
    at m (D:\Yeni klas├Âr\Yeni klas├Âr (3)\umre\kurulum\umrebuldum\frontend\.next\server\chunks\ssr\_03ew7u5._.js:8:437
09)
    at <unknown> (D:\Yeni klas├Âr\Yeni klas├Âr (3)\umre\kurulum\umrebuldum\frontend\.next\server\chunks\ssr\_03ew7u5._.
js:860:57731)
    at t (D:\Yeni klas├Âr\Yeni klas├Âr (3)\umre\kurulum\umrebuldum\frontend\.next\server\chunks\ssr\[root-of-the-server
]__0pnkxwy._.js:1:17909)
    at stringify (<anonymous>) {
  description: "Route /admin/settings couldn't be rendered statically because it used `headers`. See more info here: ht
tps://nextjs.org/docs/messages/dynamic-server-error",
  digest: 'DYNAMIC_SERVER_USAGE'
}
Auth failed in RootLayout: Error: Dynamic server usage: Route /admin/support couldn't be rendered statically because it
 used `headers`. See more info here: https://nextjs.org/docs/messages/dynamic-server-error
    at m (D:\Yeni klas├Âr\Yeni klas├Âr (3)\umre\kurulum\umrebuldum\frontend\.next\server\chunks\ssr\_03ew7u5._.js:8:437
09)
    at <unknown> (D:\Yeni klas├Âr\Yeni klas├Âr (3)\umre\kurulum\umrebuldum\frontend\.next\server\chunks\ssr\_03ew7u5._.
js:860:57731)
    at t (D:\Yeni klas├Âr\Yeni klas├Âr (3)\umre\kurulum\umrebuldum\frontend\.next\server\chunks\ssr\[root-of-the-server
]__0pnkxwy._.js:1:17909)
    at stringify (<anonymous>) {
  description: "Route /admin/support couldn't be rendered statically because it used `headers`. See more info here: htt
ps://nextjs.org/docs/messages/dynamic-server-error",
  digest: 'DYNAMIC_SERVER_USAGE'
}
Auth failed in RootLayout: Error: Dynamic server usage: Route /admin/tests couldn't be rendered statically because it u
sed `headers`. See more info here: https://nextjs.org/docs/messages/dynamic-server-error
    at m (D:\Yeni klas├Âr\Yeni klas├Âr (3)\umre\kurulum\umrebuldum\frontend\.next\server\chunks\ssr\_03ew7u5._.js:8:437
09)
    at <unknown> (D:\Yeni klas├Âr\Yeni klas├Âr (3)\umre\kurulum\umrebuldum\frontend\.next\server\chunks\ssr\_03ew7u5._.
js:860:57731)
    at t (D:\Yeni klas├Âr\Yeni klas├Âr (3)\umre\kurulum\umrebuldum\frontend\.next\server\chunks\ssr\[root-of-the-server
]__0pnkxwy._.js:1:17909)
    at stringify (<anonymous>) {
  description: "Route /admin/tests couldn't be rendered statically because it used `headers`. See more info here: https
://nextjs.org/docs/messages/dynamic-server-error",
  digest: 'DYNAMIC_SERVER_USAGE'
}
Auth failed in RootLayout: Error: Dynamic server usage: Route /admin/users couldn't be rendered statically because it u
sed `headers`. See more info here: https://nextjs.org/docs/messages/dynamic-server-error
    at m (D:\Yeni klas├Âr\Yeni klas├Âr (3)\umre\kurulum\umrebuldum\frontend\.next\server\chunks\ssr\_03ew7u5._.js:8:437
09)
    at <unknown> (D:\Yeni klas├Âr\Yeni klas├Âr (3)\umre\kurulum\umrebuldum\frontend\.next\server\chunks\ssr\_03ew7u5._.
js:860:57731)
    at t (D:\Yeni klas├Âr\Yeni klas├Âr (3)\umre\kurulum\umrebuldum\frontend\.next\server\chunks\ssr\[root-of-the-server
]__0pnkxwy._.js:1:17909)
    at stringify (<anonymous>) {
  description: "Route /admin/users couldn't be rendered statically because it used `headers`. See more info here: https
://nextjs.org/docs/messages/dynamic-server-error",
  digest: 'DYNAMIC_SERVER_USAGE'
}
  Generating static pages using 3 workers (115/154) 
Auth failed in RootLayout: Error: Dynamic server usage: Route /guide/profile couldn't be rendered statically because it
 used `headers`. See more info here: https://nextjs.org/docs/messages/dynamic-server-error
    at m (D:\Yeni klas├Âr\Yeni klas├Âr (3)\umre\kurulum\umrebuldum\frontend\.next\server\chunks\ssr\_03ew7u5._.js:8:437
09)
    at <unknown> (D:\Yeni klas├Âr\Yeni klas├Âr (3)\umre\kurulum\umrebuldum\frontend\.next\server\chunks\ssr\_03ew7u5._.
js:860:57731)
    at t (D:\Yeni klas├Âr\Yeni klas├Âr (3)\umre\kurulum\umrebuldum\frontend\.next\server\chunks\ssr\[root-of-the-server
]__0pnkxwy._.js:1:17909)
    at stringify (<anonymous>) {
  description: "Route /guide/profile couldn't be rendered statically because it used `headers`. See more info here: htt
ps://nextjs.org/docs/messages/dynamic-server-error",
  digest: 'DYNAMIC_SERVER_USAGE'
}
Auth failed in RootLayout: Error: Dynamic server usage: Route /help couldn't be rendered statically because it used `he
aders`. See more info here: https://nextjs.org/docs/messages/dynamic-server-error
    at m (D:\Yeni klas├Âr\Yeni klas├Âr (3)\umre\kurulum\umrebuldum\frontend\.next\server\chunks\ssr\_03ew7u5._.js:8:437
09)
    at <unknown> (D:\Yeni klas├Âr\Yeni klas├Âr (3)\umre\kurulum\umrebuldum\frontend\.next\server\chunks\ssr\_03ew7u5._.
js:860:57731)
    at t (D:\Yeni klas├Âr\Yeni klas├Âr (3)\umre\kurulum\umrebuldum\frontend\.next\server\chunks\ssr\[root-of-the-server
]__0pnkxwy._.js:1:17909)
    at stringify (<anonymous>) {
  description: "Route /help couldn't be rendered statically because it used `headers`. See more info here: https://next
js.org/docs/messages/dynamic-server-error",
  digest: 'DYNAMIC_SERVER_USAGE'
}
Auth failed in RootLayout: Error: Dynamic server usage: Route /kvkk couldn't be rendered statically because it used `he
aders`. See more info here: https://nextjs.org/docs/messages/dynamic-server-error
    at m (D:\Yeni klas├Âr\Yeni klas├Âr (3)\umre\kurulum\umrebuldum\frontend\.next\server\chunks\ssr\_03ew7u5._.js:8:437
09)
    at <unknown> (D:\Yeni klas├Âr\Yeni klas├Âr (3)\umre\kurulum\umrebuldum\frontend\.next\server\chunks\ssr\_03ew7u5._.
js:860:57731)
    at t (D:\Yeni klas├Âr\Yeni klas├Âr (3)\umre\kurulum\umrebuldum\frontend\.next\server\chunks\ssr\[root-of-the-server
]__0pnkxwy._.js:1:17909)
    at stringify (<anonymous>) {
  description: "Route /kvkk couldn't be rendered statically because it used `headers`. See more info here: https://next
js.org/docs/messages/dynamic-server-error",
  digest: 'DYNAMIC_SERVER_USAGE'
}
Auth failed in RootLayout: Error: Dynamic server usage: Route /listing-terms couldn't be rendered statically because it
 used `headers`. See more info here: https://nextjs.org/docs/messages/dynamic-server-error
    at m (D:\Yeni klas├Âr\Yeni klas├Âr (3)\umre\kurulum\umrebuldum\frontend\.next\server\chunks\ssr\_03ew7u5._.js:8:437
09)
    at <unknown> (D:\Yeni klas├Âr\Yeni klas├Âr (3)\umre\kurulum\umrebuldum\frontend\.next\server\chunks\ssr\_03ew7u5._.
js:860:57731)
    at t (D:\Yeni klas├Âr\Yeni klas├Âr (3)\umre\kurulum\umrebuldum\frontend\.next\server\chunks\ssr\[root-of-the-server
]__0pnkxwy._.js:1:17909)
    at stringify (<anonymous>) {
  description: "Route /listing-terms couldn't be rendered statically because it used `headers`. See more info here: htt
ps://nextjs.org/docs/messages/dynamic-server-error",
  digest: 'DYNAMIC_SERVER_USAGE'
}
Auth failed in RootLayout: Error: Dynamic server usage: Route /login couldn't be rendered statically because it used `h
eaders`. See more info here: https://nextjs.org/docs/messages/dynamic-server-error
    at m (D:\Yeni klas├Âr\Yeni klas├Âr (3)\umre\kurulum\umrebuldum\frontend\.next\server\chunks\ssr\_03ew7u5._.js:8:437
09)
    at <unknown> (D:\Yeni klas├Âr\Yeni klas├Âr (3)\umre\kurulum\umrebuldum\frontend\.next\server\chunks\ssr\_03ew7u5._.
js:860:57731)
    at t (D:\Yeni klas├Âr\Yeni klas├Âr (3)\umre\kurulum\umrebuldum\frontend\.next\server\chunks\ssr\[root-of-the-server
]__0pnkxwy._.js:1:17909)
    at stringify (<anonymous>) {
  description: "Route /login couldn't be rendered statically because it used `headers`. See more info here: https://nex
tjs.org/docs/messages/dynamic-server-error",
  digest: 'DYNAMIC_SERVER_USAGE'
}
Auth failed in RootLayout: Error: Dynamic server usage: Route /onboarding couldn't be rendered statically because it us
ed `headers`. See more info here: https://nextjs.org/docs/messages/dynamic-server-error
    at m (D:\Yeni klas├Âr\Yeni klas├Âr (3)\umre\kurulum\umrebuldum\frontend\.next\server\chunks\ssr\_03ew7u5._.js:8:437
09)
    at <unknown> (D:\Yeni klas├Âr\Yeni klas├Âr (3)\umre\kurulum\umrebuldum\frontend\.next\server\chunks\ssr\_03ew7u5._.
js:860:57731)
    at t (D:\Yeni klas├Âr\Yeni klas├Âr (3)\umre\kurulum\umrebuldum\frontend\.next\server\chunks\ssr\[root-of-the-server
]__0pnkxwy._.js:1:17909)
    at stringify (<anonymous>) {
  description: "Route /onboarding couldn't be rendered statically because it used `headers`. See more info here: https:
//nextjs.org/docs/messages/dynamic-server-error",
  digest: 'DYNAMIC_SERVER_USAGE'
}
Auth failed in RootLayout: Error: Dynamic server usage: Route /org/onboarding couldn't be rendered statically because i
t used `headers`. See more info here: https://nextjs.org/docs/messages/dynamic-server-error
    at m (D:\Yeni klas├Âr\Yeni klas├Âr (3)\umre\kurulum\umrebuldum\frontend\.next\server\chunks\ssr\_03ew7u5._.js:8:437
09)
    at <unknown> (D:\Yeni klas├Âr\Yeni klas├Âr (3)\umre\kurulum\umrebuldum\frontend\.next\server\chunks\ssr\_03ew7u5._.
js:860:57731)
    at t (D:\Yeni klas├Âr\Yeni klas├Âr (3)\umre\kurulum\umrebuldum\frontend\.next\server\chunks\ssr\[root-of-the-server
]__0pnkxwy._.js:1:17909)
    at stringify (<anonymous>) {
  description: "Route /org/onboarding couldn't be rendered statically because it used `headers`. See more info here: ht
tps://nextjs.org/docs/messages/dynamic-server-error",
  digest: 'DYNAMIC_SERVER_USAGE'
}
Auth failed in RootLayout: Error: Dynamic server usage: Route / couldn't be rendered statically because it used `header
s`. See more info here: https://nextjs.org/docs/messages/dynamic-server-error
    at m (D:\Yeni klas├Âr\Yeni klas├Âr (3)\umre\kurulum\umrebuldum\frontend\.next\server\chunks\ssr\_03ew7u5._.js:8:437
09)
    at <unknown> (D:\Yeni klas├Âr\Yeni klas├Âr (3)\umre\kurulum\umrebuldum\frontend\.next\server\chunks\ssr\_03ew7u5._.
js:860:57731)
    at t (D:\Yeni klas├Âr\Yeni klas├Âr (3)\umre\kurulum\umrebuldum\frontend\.next\server\chunks\ssr\[root-of-the-server
]__0pnkxwy._.js:1:17909)
    at stringify (<anonymous>) {
  description: "Route / couldn't be rendered statically because it used `headers`. See more info here: https://nextjs.o
rg/docs/messages/dynamic-server-error",
  digest: 'DYNAMIC_SERVER_USAGE'
}
Auth failed in RootLayout: Error: Dynamic server usage: Route /privacy couldn't be rendered statically because it used 
`headers`. See more info here: https://nextjs.org/docs/messages/dynamic-server-error
    at m (D:\Yeni klas├Âr\Yeni klas├Âr (3)\umre\kurulum\umrebuldum\frontend\.next\server\chunks\ssr\_03ew7u5._.js:8:437
09)
    at <unknown> (D:\Yeni klas├Âr\Yeni klas├Âr (3)\umre\kurulum\umrebuldum\frontend\.next\server\chunks\ssr\_03ew7u5._.
js:860:57731)
    at t (D:\Yeni klas├Âr\Yeni klas├Âr (3)\umre\kurulum\umrebuldum\frontend\.next\server\chunks\ssr\[root-of-the-server
]__0pnkxwy._.js:1:17909)
    at stringify (<anonymous>) {
  description: "Route /privacy couldn't be rendered statically because it used `headers`. See more info here: https://n
extjs.org/docs/messages/dynamic-server-error",
  digest: 'DYNAMIC_SERVER_USAGE'
}
Auth failed in RootLayout: Error: Dynamic server usage: Route /pricing couldn't be rendered statically because it used 
`headers`. See more info here: https://nextjs.org/docs/messages/dynamic-server-error
    at m (D:\Yeni klas├Âr\Yeni klas├Âr (3)\umre\kurulum\umrebuldum\frontend\.next\server\chunks\ssr\_03ew7u5._.js:8:437
09)
    at <unknown> (D:\Yeni klas├Âr\Yeni klas├Âr (3)\umre\kurulum\umrebuldum\frontend\.next\server\chunks\ssr\_03ew7u5._.
js:860:57731)
    at t (D:\Yeni klas├Âr\Yeni klas├Âr (3)\umre\kurulum\umrebuldum\frontend\.next\server\chunks\ssr\[root-of-the-server
]__0pnkxwy._.js:1:17909)
    at stringify (<anonymous>) {
  description: "Route /pricing couldn't be rendered statically because it used `headers`. See more info here: https://n
extjs.org/docs/messages/dynamic-server-error",
  digest: 'DYNAMIC_SERVER_USAGE'
}
Auth failed in RootLayout: Error: Dynamic server usage: Route /refund-policy couldn't be rendered statically because it
 used `headers`. See more info here: https://nextjs.org/docs/messages/dynamic-server-error
    at m (D:\Yeni klas├Âr\Yeni klas├Âr (3)\umre\kurulum\umrebuldum\frontend\.next\server\chunks\ssr\_03ew7u5._.js:8:437
09)
    at <unknown> (D:\Yeni klas├Âr\Yeni klas├Âr (3)\umre\kurulum\umrebuldum\frontend\.next\server\chunks\ssr\_03ew7u5._.
js:860:57731)
    at t (D:\Yeni klas├Âr\Yeni klas├Âr (3)\umre\kurulum\umrebuldum\frontend\.next\server\chunks\ssr\[root-of-the-server
]__0pnkxwy._.js:1:17909)
    at stringify (<anonymous>) {
  description: "Route /refund-policy couldn't be rendered statically because it used `headers`. See more info here: htt
ps://nextjs.org/docs/messages/dynamic-server-error",
  digest: 'DYNAMIC_SERVER_USAGE'
}
Auth failed in RootLayout: Error: Dynamic server usage: Route /reset-password couldn't be rendered statically because i
t used `headers`. See more info here: https://nextjs.org/docs/messages/dynamic-server-error
    at m (D:\Yeni klas├Âr\Yeni klas├Âr (3)\umre\kurulum\umrebuldum\frontend\.next\server\chunks\ssr\_03ew7u5._.js:8:437
09)
    at <unknown> (D:\Yeni klas├Âr\Yeni klas├Âr (3)\umre\kurulum\umrebuldum\frontend\.next\server\chunks\ssr\_03ew7u5._.
js:860:57731)
    at t (D:\Yeni klas├Âr\Yeni klas├Âr (3)\umre\kurulum\umrebuldum\frontend\.next\server\chunks\ssr\[root-of-the-server
]__0pnkxwy._.js:1:17909)
    at stringify (<anonymous>) {
  description: "Route /reset-password couldn't be rendered statically because it used `headers`. See more info here: ht
tps://nextjs.org/docs/messages/dynamic-server-error",
  digest: 'DYNAMIC_SERVER_USAGE'
}
Auth failed in RootLayout: Error: Dynamic server usage: Route /request couldn't be rendered statically because it used 
`headers`. See more info here: https://nextjs.org/docs/messages/dynamic-server-error
    at m (D:\Yeni klas├Âr\Yeni klas├Âr (3)\umre\kurulum\umrebuldum\frontend\.next\server\chunks\ssr\_03ew7u5._.js:8:437
09)
    at <unknown> (D:\Yeni klas├Âr\Yeni klas├Âr (3)\umre\kurulum\umrebuldum\frontend\.next\server\chunks\ssr\_03ew7u5._.
js:860:57731)
    at t (D:\Yeni klas├Âr\Yeni klas├Âr (3)\umre\kurulum\umrebuldum\frontend\.next\server\chunks\ssr\[root-of-the-server
]__0pnkxwy._.js:1:17909)
    at stringify (<anonymous>) {
  description: "Route /request couldn't be rendered statically because it used `headers`. See more info here: https://n
extjs.org/docs/messages/dynamic-server-error",
  digest: 'DYNAMIC_SERVER_USAGE'
}
Auth failed in RootLayout: Error: Dynamic server usage: Route /terms couldn't be rendered statically because it used `h
eaders`. See more info here: https://nextjs.org/docs/messages/dynamic-server-error
    at m (D:\Yeni klas├Âr\Yeni klas├Âr (3)\umre\kurulum\umrebuldum\frontend\.next\server\chunks\ssr\_03ew7u5._.js:8:437
09)
    at <unknown> (D:\Yeni klas├Âr\Yeni klas├Âr (3)\umre\kurulum\umrebuldum\frontend\.next\server\chunks\ssr\_03ew7u5._.
js:860:57731)
    at t (D:\Yeni klas├Âr\Yeni klas├Âr (3)\umre\kurulum\umrebuldum\frontend\.next\server\chunks\ssr\[root-of-the-server
]__0pnkxwy._.js:1:17909)
    at stringify (<anonymous>) {
  description: "Route /terms couldn't be rendered statically because it used `headers`. See more info here: https://nex
tjs.org/docs/messages/dynamic-server-error",
  digest: 'DYNAMIC_SERVER_USAGE'
}
Auth failed in RootLayout: Error: Dynamic server usage: Route /tours couldn't be rendered statically because it used `h
eaders`. See more info here: https://nextjs.org/docs/messages/dynamic-server-error
    at m (D:\Yeni klas├Âr\Yeni klas├Âr (3)\umre\kurulum\umrebuldum\frontend\.next\server\chunks\ssr\_03ew7u5._.js:8:437
09)
    at <unknown> (D:\Yeni klas├Âr\Yeni klas├Âr (3)\umre\kurulum\umrebuldum\frontend\.next\server\chunks\ssr\_03ew7u5._.
js:860:57731)
    at t (D:\Yeni klas├Âr\Yeni klas├Âr (3)\umre\kurulum\umrebuldum\frontend\.next\server\chunks\ssr\[root-of-the-server
]__0pnkxwy._.js:1:17909)
    at stringify (<anonymous>) {
  description: "Route /tours couldn't be rendered statically because it used `headers`. See more info here: https://nex
tjs.org/docs/messages/dynamic-server-error",
  digest: 'DYNAMIC_SERVER_USAGE'
}
Auth failed in RootLayout: Error: Dynamic server usage: Route /umre-rehberi couldn't be rendered statically because it 
used `headers`. See more info here: https://nextjs.org/docs/messages/dynamic-server-error
    at m (D:\Yeni klas├Âr\Yeni klas├Âr (3)\umre\kurulum\umrebuldum\frontend\.next\server\chunks\ssr\_03ew7u5._.js:8:437
09)
    at <unknown> (D:\Yeni klas├Âr\Yeni klas├Âr (3)\umre\kurulum\umrebuldum\frontend\.next\server\chunks\ssr\_03ew7u5._.
js:860:57731)
    at t (D:\Yeni klas├Âr\Yeni klas├Âr (3)\umre\kurulum\umrebuldum\frontend\.next\server\chunks\ssr\[root-of-the-server
]__0pnkxwy._.js:1:17909)
    at stringify (<anonymous>) {
  description: "Route /umre-rehberi couldn't be rendered statically because it used `headers`. See more info here: http
s://nextjs.org/docs/messages/dynamic-server-error",
  digest: 'DYNAMIC_SERVER_USAGE'
}
[S3Client] AWS_ACCESS_KEY_ID and AWS_SECRET_ACCESS_KEY must be set in production.
Ô£ô Generating static pages using 3 workers (154/154) in 5.9s
  Finalizing page optimization ...

Route (app)
Ôöî ãÆ /
Ôö£ ãÆ /_not-found
Ôö£ ãÆ /[slug]
Ôö£ ãÆ /about
Ôö£ ãÆ /admin
Ôö£ ãÆ /admin/agencies
Ôö£ ãÆ /admin/approval/listings
Ôö£ ãÆ /admin/approval/reviews
Ôö£ ãÆ /admin/ban
Ôö£ ãÆ /admin/banner-engine
Ôö£ ãÆ /admin/chatbot
Ôö£ ãÆ /admin/dashboard
Ôö£ ãÆ /admin/guides
Ôö£ ãÆ /admin/ledger
Ôö£ ãÆ /admin/listings
Ôö£ ãÆ /admin/newsletter
Ôö£ ãÆ /admin/packages
Ôö£ ãÆ /admin/profile
Ôö£ ãÆ /admin/security
Ôö£ ãÆ /admin/settings
Ôö£ ãÆ /admin/support
Ôö£ ãÆ /admin/tests
Ôö£ ãÆ /admin/users
Ôö£ ãÆ /api/admin/approve-listing
Ôö£ ãÆ /api/admin/audit-logs
Ôö£ ãÆ /api/admin/ban
Ôö£ ãÆ /api/admin/chatbot
Ôö£ ãÆ /api/admin/conversations
Ôö£ ãÆ /api/admin/conversations/[id]
Ôö£ ãÆ /api/admin/counts
Ôö£ ãÆ /api/admin/credits
Ôö£ ãÆ /api/admin/fraud
Ôö£ ãÆ /api/admin/guides
Ôö£ ãÆ /api/admin/kyc/[id]
Ôö£ ãÆ /api/admin/ledger
Ôö£ ãÆ /api/admin/listings
Ôö£ ãÆ /api/admin/listings/[id]
Ôö£ ãÆ /api/admin/messages
Ôö£ ãÆ /api/admin/messages/update
Ôö£ ãÆ /api/admin/mute
Ôö£ ãÆ /api/admin/newsletter
Ôö£ ãÆ /api/admin/packages
Ôö£ ãÆ /api/admin/pending-listings
Ôö£ ãÆ /api/admin/refund
Ôö£ ãÆ /api/admin/reject-listing
Ôö£ ãÆ /api/admin/requests
Ôö£ ãÆ /api/admin/reviews
Ôö£ ãÆ /api/admin/reviews/[id]
Ôö£ ãÆ /api/admin/reviews/approve
Ôö£ ãÆ /api/admin/system-health
Ôö£ ãÆ /api/admin/test-logs
Ôö£ ãÆ /api/admin/users
Ôö£ ãÆ /api/airlines
Ôö£ ãÆ /api/auth/[...nextauth]
Ôö£ ãÆ /api/auth/2fa/setup
Ôö£ ãÆ /api/auth/forgot-password
Ôö£ ãÆ /api/auth/register
Ôö£ ãÆ /api/auth/reset-password
Ôö£ ãÆ /api/auth/verify
Ôö£ ãÆ /api/auth/verify-phone
Ôö£ ãÆ /api/billing/checkout
Ôö£ ãÆ /api/billing/coupon/validate
Ôö£ ãÆ /api/billing/saved-cards
Ôö£ ãÆ /api/chat/conversations
Ôö£ ãÆ /api/chat/message
Ôö£ ãÆ /api/chat/messages
Ôö£ ãÆ /api/chat/messages/[conversationId]
Ôö£ ãÆ /api/chat/thread
Ôö£ ãÆ /api/chat/threads
Ôö£ ãÆ /api/chatbot
Ôö£ ãÆ /api/checkout
Ôö£ ãÆ /api/choose-role
Ôö£ ãÆ /api/cities
Ôö£ ãÆ /api/complete-profile
Ôö£ ãÆ /api/contact
Ôö£ ãÆ /api/cron/cleanup
Ôö£ ãÆ /api/cron/expire-listings
Ôö£ ãÆ /api/cron/reconcile-payments
Ôö£ ãÆ /api/departure-cities
Ôö£ ãÆ /api/dev-login-link
Ôö£ ãÆ /api/guide/auto-replenish
Ôö£ ãÆ /api/guide/complete-trip
Ôö£ ãÆ /api/guide/credits
Ôö£ ãÆ /api/guide/feature
Ôö£ ãÆ /api/guide/listing
Ôö£ ãÆ /api/guide/my-listings
Ôö£ ãÆ /api/guide/offer
Ôö£ ãÆ /api/guide/offers
Ôö£ ãÆ /api/guide/profile
Ôö£ ãÆ /api/guide/republish
Ôö£ ãÆ /api/guide/spotlight
Ôö£ ãÆ /api/guide/topup
Ôö£ ãÆ /api/guides/[id]/reviews
Ôö£ ãÆ /api/inngest
Ôö£ ãÆ /api/iyzico/callback
Ôö£ ãÆ /api/listing-categories
Ôö£ ãÆ /api/listings
Ôö£ ãÆ /api/listings/[id]
Ôö£ ãÆ /api/listings/join
Ôö£ ãÆ /api/listings/pdf
Ôö£ ãÆ /api/newsletter
Ôö£ ãÆ /api/onboarding/claim-tokens
Ôö£ ãÆ /api/packages
Ôö£ ãÆ /api/paytr/callback
Ôö£ ãÆ /api/paytr/success
Ôö£ ãÆ /api/requests
Ôö£ ãÆ /api/requests/[id]
Ôö£ ãÆ /api/requests/favorite
Ôö£ ãÆ /api/requests/interest
Ôö£ ãÆ /api/reviews
Ôö£ ãÆ /api/set-role
Ôö£ ãÆ /api/stats
Ôö£ ãÆ /api/stripe/webhook
Ôö£ ãÆ /api/upload
Ôö£ ãÆ /api/upload/s3
Ôö£ ãÆ /api/user/change-password
Ôö£ ãÆ /api/user/profile
Ôö£ ãÆ /api/user/profile-stats
Ôö£ ãÆ /api/user/quiz-reward
Ôö£ ãÆ /api/user/request-close
Ôö£ ãÆ /api/user/requests
Ôö£ ãÆ /api/user/settings
Ôö£ ãÆ /auth/verify
Ôö£ ãÆ /checkout
Ôö£ ãÆ /consent
Ôö£ ãÆ /contact
Ôö£ ãÆ /cookies
Ôö£ ãÆ /dashboard
Ôö£ ãÆ /dashboard/analytics
Ôö£ ãÆ /dashboard/billing
Ôö£ ãÆ /dashboard/campaigns
Ôö£ ãÆ /dashboard/chats
Ôö£ ãÆ /dashboard/checkout
Ôö£ ãÆ /dashboard/credits
Ôö£ ãÆ /dashboard/listings
Ôö£ ãÆ /dashboard/listings/new
Ôö£ ãÆ /dashboard/market
Ôö£ ãÆ /dashboard/messages
Ôö£ ãÆ /dashboard/packages
Ôö£ ãÆ /dashboard/posters
Ôö£ ãÆ /dashboard/profile
Ôö£ ãÆ /dashboard/requests
Ôö£ ãÆ /dashboard/requests/[id]
Ôö£ ãÆ /dashboard/requests/[id]/edit
Ôö£ ãÆ /dashboard/requests/new
Ôö£ ãÆ /dashboard/settings
Ôö£ ãÆ /faq
Ôö£ ãÆ /forgot-password
Ôö£ ãÆ /guide/[slug]
Ôö£ ãÆ /guide/onboarding
Ôö£ ãÆ /guide/profile
Ôö£ ãÆ /help
Ôö£ ãÆ /icon
Ôö£ Ôùï /icon.png
Ôö£ ãÆ /kvkk
Ôö£ ãÆ /listing-terms
Ôö£ ãÆ /listings/[id]
Ôö£ ãÆ /login
Ôö£ ãÆ /onboarding
Ôö£ ãÆ /org/onboarding
Ôö£ ãÆ /organizers/[slug]
Ôö£ ãÆ /pricing
Ôö£ ãÆ /privacy
Ôö£ ãÆ /refund-policy
Ôö£ ãÆ /request
Ôö£ ãÆ /reset-password
Ôö£ Ôùï /sitemap.xml
Ôö£ ãÆ /terms
Ôö£ ãÆ /tours
Ôö£ ãÆ /tours/[slug]
Ôö£ ãÆ /umre-rehberi
Ôöö ãÆ /umre-rehberi/[slug]


ãÆ Proxy (Middleware)

Ôùï  (Static)   prerendered as static content
ãÆ  (Dynamic)  server-rendered on demand

